
[1m[46m RUN [49m[22m [36mv4.0.16 [39m[90mC:/Users/narco/cutre-mazmorra[39m

 [31mÔØ»[39m src/engine/systems/CombatSystem.test.js [2m([22m[2m7 tests[22m[2m | [22m[31m1 failed[39m[2m)[22m[32m 15[2mms[22m[39m
       [32mÔ£ô[39m should calculate base damage correctly[32m 3[2mms[22m[39m
       [32mÔ£ô[39m should minimum damage be 1[32m 1[2mms[22m[39m
       [32mÔ£ô[39m should calculate damage based on player stats[32m 1[2mms[22m[39m
       [32mÔ£ô[39m should use magic attack for mages[32m 0[2mms[22m[39m
       [32mÔ£ô[39m should return score based on walls and enemies[32m 0[2mms[22m[39m
[31m       [31m├ù[31m should apply warrior melee bonus[39m[32m 8[2mms[22m[39m
       [32mÔ£ô[39m should apply rogue backstab bonus[32m 0[2mms[22m[39m

[2m Test Files [22m [1m[31m1 failed[39m[22m[90m (1)[39m
[2m      Tests [22m [1m[31m1 failed[39m[22m[2m | [22m[1m[32m6 passed[39m[22m[90m (7)[39m
[2m   Start at [22m 19:23:14
[2m   Duration [22m 1.32s[2m (transform 71ms, setup 0ms, import 282ms, tests 15ms, environment 601ms)[22m

